{
  "Entries": [
    {
      "RequestUri": "https://workspacechhamosynapse.dev.azuresynapse.net/dataflows/DataFlow2502?api-version=2019-06-01-preview",
      "RequestMethod": "PUT",
      "RequestHeaders": {
        "Accept": "application/json",
        "Authorization": "Sanitized",
        "Content-Length": "28",
        "Content-Type": "application/json",
        "traceparent": "00-0c5ddc9a27daec47b2552e70ca46edcb-5161c0d26c8cfe4e-00",
        "User-Agent": [
          "azsdk-net-Analytics.Synapse.Artifacts/1.0.0-alpha.20210104.1",
          "(.NET 5.0.0; Darwin 19.6.0 Darwin Kernel Version 19.6.0: Tue Nov 10 00:10:30 PST 2020; root:xnu-6153.141.10~1/RELEASE_X86_64)"
        ],
        "x-ms-client-request-id": "f17cff3a37b00ae109065999251c386a",
        "x-ms-return-client-request-id": "true"
      },
      "RequestBody": {
        "properties": {
          "type": null
        }
      },
      "StatusCode": 202,
      "ResponseHeaders": {
        "Access-Control-Allow-Headers": [
          "Location",
          "Retry-After"
        ],
        "Access-Control-Expose-Headers": [
          "Location",
          "Retry-After"
        ],
        "Content-Length": "441",
        "Content-Type": "application/json; charset=utf-8",
        "Date": "Mon, 04 Jan 2021 21:04:42 GMT",
        "Location": "https://workspacechhamosynapse.dev.azuresynapse.net/operationResults/4fae826c-b1be-4c6e-82db-9fd63d74477a?api-version=2019-06-01-preview",
        "Retry-After": "10",
        "Server": "Microsoft-HTTPAPI/2.0",
        "Strict-Transport-Security": "max-age=31536000; includeSubDomains",
        "x-ms-client-request-id": "f17cff3a37b00ae109065999251c386a",
        "x-ms-request-id": "056e16da-a782-4d9c-9340-de497aaae57b"
      },
      "ResponseBody": {
        "id": "/subscriptions/faa080af-c1d8-40ad-9cce-e1a450ca5b57/resourceGroups/rg-chhamosynapse/providers/Microsoft.Synapse/workspaces/workspacechhamosynapse/dataflows/DataFlow2502",
        "recordId": 910289,
        "state": "Creating",
        "created": "2021-01-04T21:04:42.7033333Z",
        "changed": "2021-01-04T21:04:42.7033333Z",
        "type": "DataFlow",
        "name": "DataFlow2502",
        "operationId": "4fae826c-b1be-4c6e-82db-9fd63d74477a",
        "artifactId": "1035F0B7-BCBC-475E-B0A9-7DB5D70A49D6"
      }
    },
    {
      "RequestUri": "https://workspacechhamosynapse.dev.azuresynapse.net/operationResults/4fae826c-b1be-4c6e-82db-9fd63d74477a?api-version=2019-06-01-preview",
      "RequestMethod": "GET",
      "RequestHeaders": {
        "Authorization": "Sanitized",
        "User-Agent": [
          "azsdk-net-Analytics.Synapse.Artifacts/1.0.0-alpha.20210104.1",
          "(.NET 5.0.0; Darwin 19.6.0 Darwin Kernel Version 19.6.0: Tue Nov 10 00:10:30 PST 2020; root:xnu-6153.141.10~1/RELEASE_X86_64)"
        ],
        "x-ms-client-request-id": "9a2843b1fb540257886799176a2396c0",
        "x-ms-return-client-request-id": "true"
      },
      "RequestBody": null,
      "StatusCode": 202,
      "ResponseHeaders": {
        "Access-Control-Allow-Headers": [
          "Location",
          "Retry-After"
        ],
        "Access-Control-Expose-Headers": [
          "Location",
          "Retry-After"
        ],
        "Content-Length": "23",
        "Content-Type": "application/json; charset=utf-8",
        "Date": "Mon, 04 Jan 2021 21:04:42 GMT",
        "Location": "https://workspacechhamosynapse.dev.azuresynapse.net/operationResults/4fae826c-b1be-4c6e-82db-9fd63d74477a?api-version=2019-06-01-preview",
        "Retry-After": "10",
        "Server": "Microsoft-HTTPAPI/2.0",
        "Strict-Transport-Security": "max-age=31536000; includeSubDomains",
        "x-ms-client-request-id": "9a2843b1fb540257886799176a2396c0",
        "x-ms-request-id": "c1c9ab78-53a5-441d-8e7f-069d46b5fff8"
      },
      "ResponseBody": {
        "status": "InProgress"
      }
    },
    {
      "RequestUri": "https://workspacechhamosynapse.dev.azuresynapse.net/operationResults/4fae826c-b1be-4c6e-82db-9fd63d74477a?api-version=2019-06-01-preview",
      "RequestMethod": "GET",
      "RequestHeaders": {
        "Authorization": "Sanitized",
        "User-Agent": [
          "azsdk-net-Analytics.Synapse.Artifacts/1.0.0-alpha.20210104.1",
          "(.NET 5.0.0; Darwin 19.6.0 Darwin Kernel Version 19.6.0: Tue Nov 10 00:10:30 PST 2020; root:xnu-6153.141.10~1/RELEASE_X86_64)"
        ],
        "x-ms-client-request-id": "772b15636aa7617b0e467c04729e6ffd",
        "x-ms-return-client-request-id": "true"
      },
      "RequestBody": null,
      "StatusCode": 202,
      "ResponseHeaders": {
        "Access-Control-Allow-Headers": [
          "Location",
          "Retry-After"
        ],
        "Access-Control-Expose-Headers": [
          "Location",
          "Retry-After"
        ],
        "Content-Length": "23",
        "Content-Type": "application/json; charset=utf-8",
        "Date": "Mon, 04 Jan 2021 21:04:43 GMT",
        "Location": "https://workspacechhamosynapse.dev.azuresynapse.net/operationResults/4fae826c-b1be-4c6e-82db-9fd63d74477a?api-version=2019-06-01-preview",
        "Retry-After": "10",
        "Server": "Microsoft-HTTPAPI/2.0",
        "Strict-Transport-Security": "max-age=31536000; includeSubDomains",
        "x-ms-client-request-id": "772b15636aa7617b0e467c04729e6ffd",
        "x-ms-request-id": "00e0c7cb-178f-434a-9438-8a876bd07005"
      },
      "ResponseBody": {
        "status": "InProgress"
      }
    },
    {
      "RequestUri": "https://workspacechhamosynapse.dev.azuresynapse.net/operationResults/4fae826c-b1be-4c6e-82db-9fd63d74477a?api-version=2019-06-01-preview",
      "RequestMethod": "GET",
      "RequestHeaders": {
        "Authorization": "Sanitized",
        "User-Agent": [
          "azsdk-net-Analytics.Synapse.Artifacts/1.0.0-alpha.20210104.1",
          "(.NET 5.0.0; Darwin 19.6.0 Darwin Kernel Version 19.6.0: Tue Nov 10 00:10:30 PST 2020; root:xnu-6153.141.10~1/RELEASE_X86_64)"
        ],
        "x-ms-client-request-id": "e2e8427e9df3461630d857143ed9cb51",
        "x-ms-return-client-request-id": "true"
      },
      "RequestBody": null,
      "StatusCode": 202,
      "ResponseHeaders": {
        "Access-Control-Allow-Headers": [
          "Location",
          "Retry-After"
        ],
        "Access-Control-Expose-Headers": [
          "Location",
          "Retry-After"
        ],
        "Content-Length": "23",
        "Content-Type": "application/json; charset=utf-8",
        "Date": "Mon, 04 Jan 2021 21:04:45 GMT",
        "Location": "https://workspacechhamosynapse.dev.azuresynapse.net/operationResults/4fae826c-b1be-4c6e-82db-9fd63d74477a?api-version=2019-06-01-preview",
        "Retry-After": "10",
        "Server": "Microsoft-HTTPAPI/2.0",
        "Strict-Transport-Security": "max-age=31536000; includeSubDomains",
        "x-ms-client-request-id": "e2e8427e9df3461630d857143ed9cb51",
        "x-ms-request-id": "27e9a770-c43a-4cf6-b9a6-4b3344db60be"
      },
      "ResponseBody": {
        "status": "InProgress"
      }
    },
    {
      "RequestUri": "https://workspacechhamosynapse.dev.azuresynapse.net/operationResults/4fae826c-b1be-4c6e-82db-9fd63d74477a?api-version=2019-06-01-preview",
      "RequestMethod": "GET",
      "RequestHeaders": {
        "Authorization": "Sanitized",
        "User-Agent": [
          "azsdk-net-Analytics.Synapse.Artifacts/1.0.0-alpha.20210104.1",
          "(.NET 5.0.0; Darwin 19.6.0 Darwin Kernel Version 19.6.0: Tue Nov 10 00:10:30 PST 2020; root:xnu-6153.141.10~1/RELEASE_X86_64)"
        ],
        "x-ms-client-request-id": "84e0041511df466fc8c78c0d7e538fea",
        "x-ms-return-client-request-id": "true"
      },
      "RequestBody": null,
      "StatusCode": 200,
      "ResponseHeaders": {
        "Cache-Control": "no-cache",
        "Content-Length": "320",
        "Content-Type": "application/json; charset=utf-8",
        "Date": "Mon, 04 Jan 2021 21:04:46 GMT",
        "Expires": "-1",
        "Pragma": "no-cache",
        "Server": [
          "Microsoft-IIS/10.0",
          "Microsoft-HTTPAPI/2.0"
        ],
        "Strict-Transport-Security": "max-age=15724800; includeSubDomains",
        "X-Content-Type-Options": "nosniff",
        "x-ms-client-request-id": "84e0041511df466fc8c78c0d7e538fea",
        "x-ms-correlation-request-id": "5d471eb2-0a86-4f6f-9d38-5bd727b378ca",
        "x-ms-request-id": "5a6431e0-32e2-4513-a72b-08e3941a8636",
        "X-Powered-By": "ASP.NET"
      },
      "ResponseBody": {
        "id": "/subscriptions/faa080af-c1d8-40ad-9cce-e1a450ca5b57/resourceGroups/rg-chhamosynapse/providers/Microsoft.Synapse/workspaces/workspacechhamosynapse/dataflows/DataFlow2502",
        "name": "DataFlow2502",
        "type": "Microsoft.Synapse/workspaces/dataflows",
        "properties": {
          "type": null
        },
        "etag": "dd00339b-0000-0800-0000-5ff382ed0000"
      }
    },
    {
      "RequestUri": "https://workspacechhamosynapse.dev.azuresynapse.net/dataflows/DataFlow2502?api-version=2019-06-01-preview",
      "RequestMethod": "DELETE",
      "RequestHeaders": {
        "Accept": "application/json",
        "Authorization": "Sanitized",
        "traceparent": "00-d76a618e20fb9f4391753721996facd1-b1db06711f8a474c-00",
        "User-Agent": [
          "azsdk-net-Analytics.Synapse.Artifacts/1.0.0-alpha.20210104.1",
          "(.NET 5.0.0; Darwin 19.6.0 Darwin Kernel Version 19.6.0: Tue Nov 10 00:10:30 PST 2020; root:xnu-6153.141.10~1/RELEASE_X86_64)"
        ],
        "x-ms-client-request-id": "27999cf7b43bc5ccfee546ce13662234",
        "x-ms-return-client-request-id": "true"
      },
      "RequestBody": null,
      "StatusCode": 202,
      "ResponseHeaders": {
        "Access-Control-Allow-Headers": "Location",
        "Access-Control-Expose-Headers": "Location",
        "Content-Length": "366",
        "Content-Type": "application/json; charset=utf-8",
        "Date": "Mon, 04 Jan 2021 21:04:46 GMT",
        "Location": "https://workspacechhamosynapse.dev.azuresynapse.net/operationResults/b461bb5a-5579-4c86-9733-97a6d1f1e219?api-version=2019-06-01-preview",
        "Server": "Microsoft-HTTPAPI/2.0",
        "Strict-Transport-Security": "max-age=31536000; includeSubDomains",
        "x-ms-client-request-id": "27999cf7b43bc5ccfee546ce13662234",
        "x-ms-request-id": "088356fb-af4c-40b7-899b-9f98231e808d"
      },
      "ResponseBody": {
        "id": "/subscriptions/faa080af-c1d8-40ad-9cce-e1a450ca5b57/resourceGroups/rg-chhamosynapse/providers/Microsoft.Synapse/workspaces/workspacechhamosynapse/dataflows/DataFlow2502",
        "recordId": 0,
        "state": "Deleting",
        "created": "0001-01-01T00:00:00",
        "changed": "0001-01-01T00:00:00",
        "type": "DataFlow",
        "name": "DataFlow2502",
        "operationId": "b461bb5a-5579-4c86-9733-97a6d1f1e219"
      }
    },
    {
      "RequestUri": "https://workspacechhamosynapse.dev.azuresynapse.net/operationResults/b461bb5a-5579-4c86-9733-97a6d1f1e219?api-version=2019-06-01-preview",
      "RequestMethod": "GET",
      "RequestHeaders": {
        "Authorization": "Sanitized",
        "User-Agent": [
          "azsdk-net-Analytics.Synapse.Artifacts/1.0.0-alpha.20210104.1",
          "(.NET 5.0.0; Darwin 19.6.0 Darwin Kernel Version 19.6.0: Tue Nov 10 00:10:30 PST 2020; root:xnu-6153.141.10~1/RELEASE_X86_64)"
        ],
        "x-ms-client-request-id": "a21d6d48a43f6115381a86f9caa03361",
        "x-ms-return-client-request-id": "true"
      },
      "RequestBody": null,
      "StatusCode": 202,
      "ResponseHeaders": {
        "Access-Control-Allow-Headers": [
          "Location",
          "Retry-After"
        ],
        "Access-Control-Expose-Headers": [
          "Location",
          "Retry-After"
        ],
        "Content-Length": "23",
        "Content-Type": "application/json; charset=utf-8",
        "Date": "Mon, 04 Jan 2021 21:04:46 GMT",
        "Location": "https://workspacechhamosynapse.dev.azuresynapse.net/operationResults/b461bb5a-5579-4c86-9733-97a6d1f1e219?api-version=2019-06-01-preview",
        "Retry-After": "10",
        "Server": "Microsoft-HTTPAPI/2.0",
        "Strict-Transport-Security": "max-age=31536000; includeSubDomains",
        "x-ms-client-request-id": "a21d6d48a43f6115381a86f9caa03361",
        "x-ms-request-id": "ac05aea0-f3d7-4ac5-bd9d-06cd92dc2f92"
      },
      "ResponseBody": {
        "status": "InProgress"
      }
    },
    {
      "RequestUri": "https://workspacechhamosynapse.dev.azuresynapse.net/operationResults/b461bb5a-5579-4c86-9733-97a6d1f1e219?api-version=2019-06-01-preview",
      "RequestMethod": "GET",
      "RequestHeaders": {
        "Authorization": "Sanitized",
        "User-Agent": [
          "azsdk-net-Analytics.Synapse.Artifacts/1.0.0-alpha.20210104.1",
          "(.NET 5.0.0; Darwin 19.6.0 Darwin Kernel Version 19.6.0: Tue Nov 10 00:10:30 PST 2020; root:xnu-6153.141.10~1/RELEASE_X86_64)"
        ],
        "x-ms-client-request-id": "529257a522630c2b7e2c54999aa0b4f5",
        "x-ms-return-client-request-id": "true"
      },
      "RequestBody": null,
      "StatusCode": 202,
      "ResponseHeaders": {
        "Access-Control-Allow-Headers": [
          "Location",
          "Retry-After"
        ],
        "Access-Control-Expose-Headers": [
          "Location",
          "Retry-After"
        ],
        "Content-Length": "23",
        "Content-Type": "application/json; charset=utf-8",
        "Date": "Mon, 04 Jan 2021 21:04:47 GMT",
        "Location": "https://workspacechhamosynapse.dev.azuresynapse.net/operationResults/b461bb5a-5579-4c86-9733-97a6d1f1e219?api-version=2019-06-01-preview",
        "Retry-After": "10",
        "Server": "Microsoft-HTTPAPI/2.0",
        "Strict-Transport-Security": "max-age=31536000; includeSubDomains",
        "x-ms-client-request-id": "529257a522630c2b7e2c54999aa0b4f5",
        "x-ms-request-id": "5f5c7742-30b8-40da-a778-8fdddcd22c8a"
      },
      "ResponseBody": {
        "status": "InProgress"
      }
    },
    {
      "RequestUri": "https://workspacechhamosynapse.dev.azuresynapse.net/operationResults/b461bb5a-5579-4c86-9733-97a6d1f1e219?api-version=2019-06-01-preview",
      "RequestMethod": "GET",
      "RequestHeaders": {
        "Authorization": "Sanitized",
        "User-Agent": [
          "azsdk-net-Analytics.Synapse.Artifacts/1.0.0-alpha.20210104.1",
          "(.NET 5.0.0; Darwin 19.6.0 Darwin Kernel Version 19.6.0: Tue Nov 10 00:10:30 PST 2020; root:xnu-6153.141.10~1/RELEASE_X86_64)"
        ],
        "x-ms-client-request-id": "a685691d7f49d6f5158d35a46424a232",
        "x-ms-return-client-request-id": "true"
      },
      "RequestBody": null,
      "StatusCode": 200,
      "ResponseHeaders": {
        "Content-Length": "0",
        "Date": "Mon, 04 Jan 2021 21:04:48 GMT",
        "Server": "Microsoft-HTTPAPI/2.0",
        "Strict-Transport-Security": "max-age=31536000; includeSubDomains",
        "x-ms-client-request-id": "a685691d7f49d6f5158d35a46424a232",
        "x-ms-request-id": "0451f812-63af-4624-8823-fb343cd5b3fa"
      },
      "ResponseBody": []
    }
  ],
  "Variables": {
    "AZURE_SYNAPSE_WORKSPACE_URL": "https://workspacechhamosynapse.dev.azuresynapse.net",
    "RandomSeed": "616831671"
  }
}