{
  "Entries": [
    {
      "RequestUri": "https://workspacechhamosynapse.dev.azuresynapse.net/pipelines/Pipeline893324105?api-version=2019-06-01-preview",
      "RequestMethod": "PUT",
      "RequestHeaders": {
        "Accept": "application/json",
        "Authorization": "Sanitized",
        "Content-Length": "17",
        "Content-Type": "application/json",
        "traceparent": "00-8965b777f106704c992566866d0c06c6-fcdc86e3fc657b49-00",
        "User-Agent": [
          "azsdk-net-Analytics.Synapse.Artifacts/1.0.0-alpha.20210115.1",
          "(.NET 5.0.0; Darwin 19.6.0 Darwin Kernel Version 19.6.0: Tue Nov 10 00:10:30 PST 2020; root:xnu-6153.141.10~1/RELEASE_X86_64)"
        ],
        "x-ms-client-request-id": "4abc9aa3553e000400b22c684c5a3c0b",
        "x-ms-return-client-request-id": "true"
      },
      "RequestBody": {
        "properties": {}
      },
      "StatusCode": 202,
      "ResponseHeaders": {
        "Access-Control-Allow-Headers": [
          "Location",
          "Retry-After"
        ],
        "Access-Control-Expose-Headers": [
          "Location",
          "Retry-After"
        ],
        "Content-Length": "441",
        "Content-Type": "application/json; charset=utf-8",
        "Date": "Fri, 15 Jan 2021 16:46:51 GMT",
        "Location": "https://workspacechhamosynapse.dev.azuresynapse.net/operationResults/4a0a3f99-31c2-415d-ab5d-7a12d3a1fdf9?api-version=2019-06-01-preview",
        "Retry-After": "10",
        "Server": "Microsoft-HTTPAPI/2.0",
        "Strict-Transport-Security": "max-age=31536000; includeSubDomains",
        "x-ms-client-request-id": "4abc9aa3553e000400b22c684c5a3c0b",
        "x-ms-request-id": "ff1bb284-d2e2-428f-8657-7d24ba289056"
      },
      "ResponseBody": {
        "id": "/subscriptions/faa080af-c1d8-40ad-9cce-e1a450ca5b57/resourceGroups/rg-chhamosynapse/providers/Microsoft.Synapse/workspaces/workspacechhamosynapse/pipelines/Pipeline893324105",
        "recordId": 960359,
        "state": "Creating",
        "created": "2021-01-15T16:46:51.88Z",
        "changed": "2021-01-15T16:46:51.88Z",
        "type": "Pipeline",
        "name": "Pipeline893324105",
        "operationId": "4a0a3f99-31c2-415d-ab5d-7a12d3a1fdf9",
        "artifactId": "FECB4432-56A5-4B5C-8B4F-B1968721A9D3"
      }
    },
    {
      "RequestUri": "https://workspacechhamosynapse.dev.azuresynapse.net/operationResults/4a0a3f99-31c2-415d-ab5d-7a12d3a1fdf9?api-version=2019-06-01-preview",
      "RequestMethod": "GET",
      "RequestHeaders": {
        "Authorization": "Sanitized",
        "User-Agent": [
          "azsdk-net-Analytics.Synapse.Artifacts/1.0.0-alpha.20210115.1",
          "(.NET 5.0.0; Darwin 19.6.0 Darwin Kernel Version 19.6.0: Tue Nov 10 00:10:30 PST 2020; root:xnu-6153.141.10~1/RELEASE_X86_64)"
        ],
        "x-ms-client-request-id": "a64cb9f1aca51ecb5bd8cfba503fa4be",
        "x-ms-return-client-request-id": "true"
      },
      "RequestBody": null,
      "StatusCode": 202,
      "ResponseHeaders": {
        "Access-Control-Allow-Headers": [
          "Location",
          "Retry-After"
        ],
        "Access-Control-Expose-Headers": [
          "Location",
          "Retry-After"
        ],
        "Content-Length": "23",
        "Content-Type": "application/json; charset=utf-8",
        "Date": "Fri, 15 Jan 2021 16:46:51 GMT",
        "Location": "https://workspacechhamosynapse.dev.azuresynapse.net/operationResults/4a0a3f99-31c2-415d-ab5d-7a12d3a1fdf9?api-version=2019-06-01-preview",
        "Retry-After": "10",
        "Server": "Microsoft-HTTPAPI/2.0",
        "Strict-Transport-Security": "max-age=31536000; includeSubDomains",
        "x-ms-client-request-id": "a64cb9f1aca51ecb5bd8cfba503fa4be",
        "x-ms-request-id": "ef65a76f-0f34-4cfa-9964-b0f1a5f5369a"
      },
      "ResponseBody": {
        "status": "InProgress"
      }
    },
    {
      "RequestUri": "https://workspacechhamosynapse.dev.azuresynapse.net/operationResults/4a0a3f99-31c2-415d-ab5d-7a12d3a1fdf9?api-version=2019-06-01-preview",
      "RequestMethod": "GET",
      "RequestHeaders": {
        "Authorization": "Sanitized",
        "User-Agent": [
          "azsdk-net-Analytics.Synapse.Artifacts/1.0.0-alpha.20210115.1",
          "(.NET 5.0.0; Darwin 19.6.0 Darwin Kernel Version 19.6.0: Tue Nov 10 00:10:30 PST 2020; root:xnu-6153.141.10~1/RELEASE_X86_64)"
        ],
        "x-ms-client-request-id": "ed70568dab3f7c4402e3a23db99eeb22",
        "x-ms-return-client-request-id": "true"
      },
      "RequestBody": null,
      "StatusCode": 202,
      "ResponseHeaders": {
        "Access-Control-Allow-Headers": [
          "Location",
          "Retry-After"
        ],
        "Access-Control-Expose-Headers": [
          "Location",
          "Retry-After"
        ],
        "Content-Length": "23",
        "Content-Type": "application/json; charset=utf-8",
        "Date": "Fri, 15 Jan 2021 16:46:53 GMT",
        "Location": "https://workspacechhamosynapse.dev.azuresynapse.net/operationResults/4a0a3f99-31c2-415d-ab5d-7a12d3a1fdf9?api-version=2019-06-01-preview",
        "Retry-After": "10",
        "Server": "Microsoft-HTTPAPI/2.0",
        "Strict-Transport-Security": "max-age=31536000; includeSubDomains",
        "x-ms-client-request-id": "ed70568dab3f7c4402e3a23db99eeb22",
        "x-ms-request-id": "183d1e37-bbb1-4759-994e-b4491d0b2123"
      },
      "ResponseBody": {
        "status": "InProgress"
      }
    },
    {
      "RequestUri": "https://workspacechhamosynapse.dev.azuresynapse.net/operationResults/4a0a3f99-31c2-415d-ab5d-7a12d3a1fdf9?api-version=2019-06-01-preview",
      "RequestMethod": "GET",
      "RequestHeaders": {
        "Authorization": "Sanitized",
        "User-Agent": [
          "azsdk-net-Analytics.Synapse.Artifacts/1.0.0-alpha.20210115.1",
          "(.NET 5.0.0; Darwin 19.6.0 Darwin Kernel Version 19.6.0: Tue Nov 10 00:10:30 PST 2020; root:xnu-6153.141.10~1/RELEASE_X86_64)"
        ],
        "x-ms-client-request-id": "92774e4b950d5266f47ec12d57dd8869",
        "x-ms-return-client-request-id": "true"
      },
      "RequestBody": null,
      "StatusCode": 202,
      "ResponseHeaders": {
        "Access-Control-Allow-Headers": [
          "Location",
          "Retry-After"
        ],
        "Access-Control-Expose-Headers": [
          "Location",
          "Retry-After"
        ],
        "Content-Length": "23",
        "Content-Type": "application/json; charset=utf-8",
        "Date": "Fri, 15 Jan 2021 16:46:54 GMT",
        "Location": "https://workspacechhamosynapse.dev.azuresynapse.net/operationResults/4a0a3f99-31c2-415d-ab5d-7a12d3a1fdf9?api-version=2019-06-01-preview",
        "Retry-After": "10",
        "Server": "Microsoft-HTTPAPI/2.0",
        "Strict-Transport-Security": "max-age=31536000; includeSubDomains",
        "x-ms-client-request-id": "92774e4b950d5266f47ec12d57dd8869",
        "x-ms-request-id": "5e48eff4-eea9-4c71-80bc-2304e6002462"
      },
      "ResponseBody": {
        "status": "InProgress"
      }
    },
    {
      "RequestUri": "https://workspacechhamosynapse.dev.azuresynapse.net/operationResults/4a0a3f99-31c2-415d-ab5d-7a12d3a1fdf9?api-version=2019-06-01-preview",
      "RequestMethod": "GET",
      "RequestHeaders": {
        "Authorization": "Sanitized",
        "User-Agent": [
          "azsdk-net-Analytics.Synapse.Artifacts/1.0.0-alpha.20210115.1",
          "(.NET 5.0.0; Darwin 19.6.0 Darwin Kernel Version 19.6.0: Tue Nov 10 00:10:30 PST 2020; root:xnu-6153.141.10~1/RELEASE_X86_64)"
        ],
        "x-ms-client-request-id": "bed8dd5d796d459e75cfa4c20a8e64bd",
        "x-ms-return-client-request-id": "true"
      },
      "RequestBody": null,
      "StatusCode": 202,
      "ResponseHeaders": {
        "Access-Control-Allow-Headers": [
          "Location",
          "Retry-After"
        ],
        "Access-Control-Expose-Headers": [
          "Location",
          "Retry-After"
        ],
        "Content-Length": "23",
        "Content-Type": "application/json; charset=utf-8",
        "Date": "Fri, 15 Jan 2021 16:46:55 GMT",
        "Location": "https://workspacechhamosynapse.dev.azuresynapse.net/operationResults/4a0a3f99-31c2-415d-ab5d-7a12d3a1fdf9?api-version=2019-06-01-preview",
        "Retry-After": "10",
        "Server": "Microsoft-HTTPAPI/2.0",
        "Strict-Transport-Security": "max-age=31536000; includeSubDomains",
        "x-ms-client-request-id": "bed8dd5d796d459e75cfa4c20a8e64bd",
        "x-ms-request-id": "617419f6-b382-4069-9cf9-e24f608e1842"
      },
      "ResponseBody": {
        "status": "InProgress"
      }
    },
    {
      "RequestUri": "https://workspacechhamosynapse.dev.azuresynapse.net/operationResults/4a0a3f99-31c2-415d-ab5d-7a12d3a1fdf9?api-version=2019-06-01-preview",
      "RequestMethod": "GET",
      "RequestHeaders": {
        "Authorization": "Sanitized",
        "User-Agent": [
          "azsdk-net-Analytics.Synapse.Artifacts/1.0.0-alpha.20210115.1",
          "(.NET 5.0.0; Darwin 19.6.0 Darwin Kernel Version 19.6.0: Tue Nov 10 00:10:30 PST 2020; root:xnu-6153.141.10~1/RELEASE_X86_64)"
        ],
        "x-ms-client-request-id": "026eadec11c7f8b0ef1df9c0ea172524",
        "x-ms-return-client-request-id": "true"
      },
      "RequestBody": null,
      "StatusCode": 202,
      "ResponseHeaders": {
        "Access-Control-Allow-Headers": [
          "Location",
          "Retry-After"
        ],
        "Access-Control-Expose-Headers": [
          "Location",
          "Retry-After"
        ],
        "Content-Length": "23",
        "Content-Type": "application/json; charset=utf-8",
        "Date": "Fri, 15 Jan 2021 16:46:56 GMT",
        "Location": "https://workspacechhamosynapse.dev.azuresynapse.net/operationResults/4a0a3f99-31c2-415d-ab5d-7a12d3a1fdf9?api-version=2019-06-01-preview",
        "Retry-After": "10",
        "Server": "Microsoft-HTTPAPI/2.0",
        "Strict-Transport-Security": "max-age=31536000; includeSubDomains",
        "x-ms-client-request-id": "026eadec11c7f8b0ef1df9c0ea172524",
        "x-ms-request-id": "0629aad0-7b36-4427-a454-da1a88860623"
      },
      "ResponseBody": {
        "status": "InProgress"
      }
    },
    {
      "RequestUri": "https://workspacechhamosynapse.dev.azuresynapse.net/operationResults/4a0a3f99-31c2-415d-ab5d-7a12d3a1fdf9?api-version=2019-06-01-preview",
      "RequestMethod": "GET",
      "RequestHeaders": {
        "Authorization": "Sanitized",
        "User-Agent": [
          "azsdk-net-Analytics.Synapse.Artifacts/1.0.0-alpha.20210115.1",
          "(.NET 5.0.0; Darwin 19.6.0 Darwin Kernel Version 19.6.0: Tue Nov 10 00:10:30 PST 2020; root:xnu-6153.141.10~1/RELEASE_X86_64)"
        ],
        "x-ms-client-request-id": "dcdf385a2dc6d2b4af321d3ef1a44865",
        "x-ms-return-client-request-id": "true"
      },
      "RequestBody": null,
      "StatusCode": 200,
      "ResponseHeaders": {
        "Cache-Control": "no-cache",
        "Content-Length": "359",
        "Content-Type": "application/json; charset=utf-8",
        "Date": "Fri, 15 Jan 2021 16:46:57 GMT",
        "Expires": "-1",
        "Pragma": "no-cache",
        "Server": [
          "Microsoft-IIS/10.0",
          "Microsoft-HTTPAPI/2.0"
        ],
        "Strict-Transport-Security": "max-age=15724800; includeSubDomains",
        "X-Content-Type-Options": "nosniff",
        "x-ms-client-request-id": "dcdf385a2dc6d2b4af321d3ef1a44865",
        "x-ms-correlation-request-id": "bf64d4f1-0727-49ba-b498-13c488df6725",
        "x-ms-request-id": "d1052a61-345b-4d82-8e28-01ce3e8444ae",
        "X-Powered-By": "ASP.NET"
      },
      "ResponseBody": {
        "id": "/subscriptions/faa080af-c1d8-40ad-9cce-e1a450ca5b57/resourceGroups/rg-chhamosynapse/providers/Microsoft.Synapse/workspaces/workspacechhamosynapse/pipelines/Pipeline893324105",
        "name": "Pipeline893324105",
        "type": "Microsoft.Synapse/workspaces/pipelines",
        "properties": {
          "lastPublishTime": "2021-01-15T16:46:56Z"
        },
        "etag": "c907fc77-0000-0800-0000-6001c7000000"
      }
    },
    {
      "RequestUri": "https://workspacechhamosynapse.dev.azuresynapse.net/pipelines/Pipeline893324105?api-version=2019-06-01-preview",
      "RequestMethod": "DELETE",
      "RequestHeaders": {
        "Accept": "application/json",
        "Authorization": "Sanitized",
        "traceparent": "00-cebbd952373f954ca15dc6006e24642d-7cdd1d322339aa41-00",
        "User-Agent": [
          "azsdk-net-Analytics.Synapse.Artifacts/1.0.0-alpha.20210115.1",
          "(.NET 5.0.0; Darwin 19.6.0 Darwin Kernel Version 19.6.0: Tue Nov 10 00:10:30 PST 2020; root:xnu-6153.141.10~1/RELEASE_X86_64)"
        ],
        "x-ms-client-request-id": "a940041a866f4ba22ce0ce5080dd5b5e",
        "x-ms-return-client-request-id": "true"
      },
      "RequestBody": null,
      "StatusCode": 202,
      "ResponseHeaders": {
        "Access-Control-Allow-Headers": "Location",
        "Access-Control-Expose-Headers": "Location",
        "Content-Length": "376",
        "Content-Type": "application/json; charset=utf-8",
        "Date": "Fri, 15 Jan 2021 16:46:57 GMT",
        "Location": "https://workspacechhamosynapse.dev.azuresynapse.net/operationResults/0b956f2e-70be-484a-a1c9-405d50e2f76e?api-version=2019-06-01-preview",
        "Server": "Microsoft-HTTPAPI/2.0",
        "Strict-Transport-Security": "max-age=31536000; includeSubDomains",
        "x-ms-client-request-id": "a940041a866f4ba22ce0ce5080dd5b5e",
        "x-ms-request-id": "38649d8c-edb2-47ea-8e84-5a4bbc1194ec"
      },
      "ResponseBody": {
        "id": "/subscriptions/faa080af-c1d8-40ad-9cce-e1a450ca5b57/resourceGroups/rg-chhamosynapse/providers/Microsoft.Synapse/workspaces/workspacechhamosynapse/pipelines/Pipeline893324105",
        "recordId": 0,
        "state": "Deleting",
        "created": "0001-01-01T00:00:00",
        "changed": "0001-01-01T00:00:00",
        "type": "Pipeline",
        "name": "Pipeline893324105",
        "operationId": "0b956f2e-70be-484a-a1c9-405d50e2f76e"
      }
    },
    {
      "RequestUri": "https://workspacechhamosynapse.dev.azuresynapse.net/operationResults/0b956f2e-70be-484a-a1c9-405d50e2f76e?api-version=2019-06-01-preview",
      "RequestMethod": "GET",
      "RequestHeaders": {
        "Authorization": "Sanitized",
        "User-Agent": [
          "azsdk-net-Analytics.Synapse.Artifacts/1.0.0-alpha.20210115.1",
          "(.NET 5.0.0; Darwin 19.6.0 Darwin Kernel Version 19.6.0: Tue Nov 10 00:10:30 PST 2020; root:xnu-6153.141.10~1/RELEASE_X86_64)"
        ],
        "x-ms-client-request-id": "e5a693d47bd6d3b59693b0e55e6352d2",
        "x-ms-return-client-request-id": "true"
      },
      "RequestBody": null,
      "StatusCode": 202,
      "ResponseHeaders": {
        "Access-Control-Allow-Headers": [
          "Location",
          "Retry-After"
        ],
        "Access-Control-Expose-Headers": [
          "Location",
          "Retry-After"
        ],
        "Content-Length": "23",
        "Content-Type": "application/json; charset=utf-8",
        "Date": "Fri, 15 Jan 2021 16:46:57 GMT",
        "Location": "https://workspacechhamosynapse.dev.azuresynapse.net/operationResults/0b956f2e-70be-484a-a1c9-405d50e2f76e?api-version=2019-06-01-preview",
        "Retry-After": "10",
        "Server": "Microsoft-HTTPAPI/2.0",
        "Strict-Transport-Security": "max-age=31536000; includeSubDomains",
        "x-ms-client-request-id": "e5a693d47bd6d3b59693b0e55e6352d2",
        "x-ms-request-id": "7d65e694-23da-41fd-8eca-0687071d2790"
      },
      "ResponseBody": {
        "status": "InProgress"
      }
    },
    {
      "RequestUri": "https://workspacechhamosynapse.dev.azuresynapse.net/operationResults/0b956f2e-70be-484a-a1c9-405d50e2f76e?api-version=2019-06-01-preview",
      "RequestMethod": "GET",
      "RequestHeaders": {
        "Authorization": "Sanitized",
        "User-Agent": [
          "azsdk-net-Analytics.Synapse.Artifacts/1.0.0-alpha.20210115.1",
          "(.NET 5.0.0; Darwin 19.6.0 Darwin Kernel Version 19.6.0: Tue Nov 10 00:10:30 PST 2020; root:xnu-6153.141.10~1/RELEASE_X86_64)"
        ],
        "x-ms-client-request-id": "7194bfd7773c92b60d81b0d2340d57b9",
        "x-ms-return-client-request-id": "true"
      },
      "RequestBody": null,
      "StatusCode": 202,
      "ResponseHeaders": {
        "Access-Control-Allow-Headers": [
          "Location",
          "Retry-After"
        ],
        "Access-Control-Expose-Headers": [
          "Location",
          "Retry-After"
        ],
        "Content-Length": "23",
        "Content-Type": "application/json; charset=utf-8",
        "Date": "Fri, 15 Jan 2021 16:46:58 GMT",
        "Location": "https://workspacechhamosynapse.dev.azuresynapse.net/operationResults/0b956f2e-70be-484a-a1c9-405d50e2f76e?api-version=2019-06-01-preview",
        "Retry-After": "10",
        "Server": "Microsoft-HTTPAPI/2.0",
        "Strict-Transport-Security": "max-age=31536000; includeSubDomains",
        "x-ms-client-request-id": "7194bfd7773c92b60d81b0d2340d57b9",
        "x-ms-request-id": "ed2b9409-9b65-49ba-b345-13f1b2823da7"
      },
      "ResponseBody": {
        "status": "InProgress"
      }
    },
    {
      "RequestUri": "https://workspacechhamosynapse.dev.azuresynapse.net/operationResults/0b956f2e-70be-484a-a1c9-405d50e2f76e?api-version=2019-06-01-preview",
      "RequestMethod": "GET",
      "RequestHeaders": {
        "Authorization": "Sanitized",
        "User-Agent": [
          "azsdk-net-Analytics.Synapse.Artifacts/1.0.0-alpha.20210115.1",
          "(.NET 5.0.0; Darwin 19.6.0 Darwin Kernel Version 19.6.0: Tue Nov 10 00:10:30 PST 2020; root:xnu-6153.141.10~1/RELEASE_X86_64)"
        ],
        "x-ms-client-request-id": "ec7b83d975362d88ca943b1bd7116095",
        "x-ms-return-client-request-id": "true"
      },
      "RequestBody": null,
      "StatusCode": 202,
      "ResponseHeaders": {
        "Access-Control-Allow-Headers": [
          "Location",
          "Retry-After"
        ],
        "Access-Control-Expose-Headers": [
          "Location",
          "Retry-After"
        ],
        "Content-Length": "23",
        "Content-Type": "application/json; charset=utf-8",
        "Date": "Fri, 15 Jan 2021 16:46:59 GMT",
        "Location": "https://workspacechhamosynapse.dev.azuresynapse.net/operationResults/0b956f2e-70be-484a-a1c9-405d50e2f76e?api-version=2019-06-01-preview",
        "Retry-After": "10",
        "Server": "Microsoft-HTTPAPI/2.0",
        "Strict-Transport-Security": "max-age=31536000; includeSubDomains",
        "x-ms-client-request-id": "ec7b83d975362d88ca943b1bd7116095",
        "x-ms-request-id": "522dce35-92f5-4ab1-aa57-93bbd50e4a3a"
      },
      "ResponseBody": {
        "status": "InProgress"
      }
    },
    {
      "RequestUri": "https://workspacechhamosynapse.dev.azuresynapse.net/operationResults/0b956f2e-70be-484a-a1c9-405d50e2f76e?api-version=2019-06-01-preview",
      "RequestMethod": "GET",
      "RequestHeaders": {
        "Authorization": "Sanitized",
        "User-Agent": [
          "azsdk-net-Analytics.Synapse.Artifacts/1.0.0-alpha.20210115.1",
          "(.NET 5.0.0; Darwin 19.6.0 Darwin Kernel Version 19.6.0: Tue Nov 10 00:10:30 PST 2020; root:xnu-6153.141.10~1/RELEASE_X86_64)"
        ],
        "x-ms-client-request-id": "35bd7f4a95de5d0fdd13d854cbe29e89",
        "x-ms-return-client-request-id": "true"
      },
      "RequestBody": null,
      "StatusCode": 202,
      "ResponseHeaders": {
        "Access-Control-Allow-Headers": [
          "Location",
          "Retry-After"
        ],
        "Access-Control-Expose-Headers": [
          "Location",
          "Retry-After"
        ],
        "Content-Length": "23",
        "Content-Type": "application/json; charset=utf-8",
        "Date": "Fri, 15 Jan 2021 16:47:00 GMT",
        "Location": "https://workspacechhamosynapse.dev.azuresynapse.net/operationResults/0b956f2e-70be-484a-a1c9-405d50e2f76e?api-version=2019-06-01-preview",
        "Retry-After": "10",
        "Server": "Microsoft-HTTPAPI/2.0",
        "Strict-Transport-Security": "max-age=31536000; includeSubDomains",
        "x-ms-client-request-id": "35bd7f4a95de5d0fdd13d854cbe29e89",
        "x-ms-request-id": "f7a1b049-4340-48e9-b698-4b06398eb916"
      },
      "ResponseBody": {
        "status": "InProgress"
      }
    },
    {
      "RequestUri": "https://workspacechhamosynapse.dev.azuresynapse.net/operationResults/0b956f2e-70be-484a-a1c9-405d50e2f76e?api-version=2019-06-01-preview",
      "RequestMethod": "GET",
      "RequestHeaders": {
        "Authorization": "Sanitized",
        "User-Agent": [
          "azsdk-net-Analytics.Synapse.Artifacts/1.0.0-alpha.20210115.1",
          "(.NET 5.0.0; Darwin 19.6.0 Darwin Kernel Version 19.6.0: Tue Nov 10 00:10:30 PST 2020; root:xnu-6153.141.10~1/RELEASE_X86_64)"
        ],
        "x-ms-client-request-id": "db0cf63b65e7619b3666a6a73b9abbfb",
        "x-ms-return-client-request-id": "true"
      },
      "RequestBody": null,
      "StatusCode": 202,
      "ResponseHeaders": {
        "Access-Control-Allow-Headers": [
          "Location",
          "Retry-After"
        ],
        "Access-Control-Expose-Headers": [
          "Location",
          "Retry-After"
        ],
        "Content-Length": "23",
        "Content-Type": "application/json; charset=utf-8",
        "Date": "Fri, 15 Jan 2021 16:47:02 GMT",
        "Location": "https://workspacechhamosynapse.dev.azuresynapse.net/operationResults/0b956f2e-70be-484a-a1c9-405d50e2f76e?api-version=2019-06-01-preview",
        "Retry-After": "10",
        "Server": "Microsoft-HTTPAPI/2.0",
        "Strict-Transport-Security": "max-age=31536000; includeSubDomains",
        "x-ms-client-request-id": "db0cf63b65e7619b3666a6a73b9abbfb",
        "x-ms-request-id": "b5c80077-c52e-42af-9836-3de3ed333900"
      },
      "ResponseBody": {
        "status": "InProgress"
      }
    },
    {
      "RequestUri": "https://workspacechhamosynapse.dev.azuresynapse.net/operationResults/0b956f2e-70be-484a-a1c9-405d50e2f76e?api-version=2019-06-01-preview",
      "RequestMethod": "GET",
      "RequestHeaders": {
        "Authorization": "Sanitized",
        "User-Agent": [
          "azsdk-net-Analytics.Synapse.Artifacts/1.0.0-alpha.20210115.1",
          "(.NET 5.0.0; Darwin 19.6.0 Darwin Kernel Version 19.6.0: Tue Nov 10 00:10:30 PST 2020; root:xnu-6153.141.10~1/RELEASE_X86_64)"
        ],
        "x-ms-client-request-id": "b5881b21224f43db731e0e239d3362e7",
        "x-ms-return-client-request-id": "true"
      },
      "RequestBody": null,
      "StatusCode": 200,
      "ResponseHeaders": {
        "Content-Length": "0",
        "Date": "Fri, 15 Jan 2021 16:47:03 GMT",
        "Server": "Microsoft-HTTPAPI/2.0",
        "Strict-Transport-Security": "max-age=31536000; includeSubDomains",
        "x-ms-client-request-id": "b5881b21224f43db731e0e239d3362e7",
        "x-ms-request-id": "96c95bc7-6662-4e4e-bebf-1b9e37c724a6"
      },
      "ResponseBody": []
    }
  ],
  "Variables": {
    "AZURE_SYNAPSE_WORKSPACE_URL": "https://workspacechhamosynapse.dev.azuresynapse.net",
    "RandomSeed": "409184086"
  }
}