{
  "Entries": [
    {
      "RequestUri": "https://workspacechhamosynapse.dev.azuresynapse.net/dataflows/DataFlow146?api-version=2019-06-01-preview",
      "RequestMethod": "PUT",
      "RequestHeaders": {
        "Accept": "application/json",
        "Authorization": "Sanitized",
        "Content-Length": "28",
        "Content-Type": "application/json",
        "traceparent": "00-29f262d4e4faf946a1cc2e26a66e1bf6-3b3dd969ab67a945-00",
        "User-Agent": [
          "azsdk-net-Analytics.Synapse.Artifacts/1.0.0-alpha.20210115.1",
          "(.NET 5.0.0; Darwin 19.6.0 Darwin Kernel Version 19.6.0: Tue Nov 10 00:10:30 PST 2020; root:xnu-6153.141.10~1/RELEASE_X86_64)"
        ],
        "x-ms-client-request-id": "f9e7727d233f3d28c824ed752ce052fe",
        "x-ms-return-client-request-id": "true"
      },
      "RequestBody": {
        "properties": {
          "type": null
        }
      },
      "StatusCode": 202,
      "ResponseHeaders": {
        "Access-Control-Allow-Headers": [
          "Location",
          "Retry-After"
        ],
        "Access-Control-Expose-Headers": [
          "Location",
          "Retry-After"
        ],
        "Content-Length": "429",
        "Content-Type": "application/json; charset=utf-8",
        "Date": "Fri, 15 Jan 2021 16:10:08 GMT",
        "Location": "https://workspacechhamosynapse.dev.azuresynapse.net/operationResults/7d75c9b1-2d67-4c2a-a0ac-989bd58922c3?api-version=2019-06-01-preview",
        "Retry-After": "10",
        "Server": "Microsoft-HTTPAPI/2.0",
        "Strict-Transport-Security": "max-age=31536000; includeSubDomains",
        "x-ms-client-request-id": "f9e7727d233f3d28c824ed752ce052fe",
        "x-ms-request-id": "4cfdfc6a-49af-437b-a7d0-cfa857271d18"
      },
      "ResponseBody": {
        "id": "/subscriptions/faa080af-c1d8-40ad-9cce-e1a450ca5b57/resourceGroups/rg-chhamosynapse/providers/Microsoft.Synapse/workspaces/workspacechhamosynapse/dataflows/DataFlow146",
        "recordId": 960256,
        "state": "Creating",
        "created": "2021-01-15T16:10:08.54Z",
        "changed": "2021-01-15T16:10:08.54Z",
        "type": "DataFlow",
        "name": "DataFlow146",
        "operationId": "7d75c9b1-2d67-4c2a-a0ac-989bd58922c3",
        "artifactId": "72525F0B-26D8-4E65-A57A-80D62F2D5A1B"
      }
    },
    {
      "RequestUri": "https://workspacechhamosynapse.dev.azuresynapse.net/operationResults/7d75c9b1-2d67-4c2a-a0ac-989bd58922c3?api-version=2019-06-01-preview",
      "RequestMethod": "GET",
      "RequestHeaders": {
        "Authorization": "Sanitized",
        "User-Agent": [
          "azsdk-net-Analytics.Synapse.Artifacts/1.0.0-alpha.20210115.1",
          "(.NET 5.0.0; Darwin 19.6.0 Darwin Kernel Version 19.6.0: Tue Nov 10 00:10:30 PST 2020; root:xnu-6153.141.10~1/RELEASE_X86_64)"
        ],
        "x-ms-client-request-id": "c113c04df39b9662aadd099276122277",
        "x-ms-return-client-request-id": "true"
      },
      "RequestBody": null,
      "StatusCode": 202,
      "ResponseHeaders": {
        "Access-Control-Allow-Headers": [
          "Location",
          "Retry-After"
        ],
        "Access-Control-Expose-Headers": [
          "Location",
          "Retry-After"
        ],
        "Content-Length": "23",
        "Content-Type": "application/json; charset=utf-8",
        "Date": "Fri, 15 Jan 2021 16:10:08 GMT",
        "Location": "https://workspacechhamosynapse.dev.azuresynapse.net/operationResults/7d75c9b1-2d67-4c2a-a0ac-989bd58922c3?api-version=2019-06-01-preview",
        "Retry-After": "10",
        "Server": "Microsoft-HTTPAPI/2.0",
        "Strict-Transport-Security": "max-age=31536000; includeSubDomains",
        "x-ms-client-request-id": "c113c04df39b9662aadd099276122277",
        "x-ms-request-id": "7712c07d-6a52-4014-9b53-3369b5117cb4"
      },
      "ResponseBody": {
        "status": "InProgress"
      }
    },
    {
      "RequestUri": "https://workspacechhamosynapse.dev.azuresynapse.net/operationResults/7d75c9b1-2d67-4c2a-a0ac-989bd58922c3?api-version=2019-06-01-preview",
      "RequestMethod": "GET",
      "RequestHeaders": {
        "Authorization": "Sanitized",
        "User-Agent": [
          "azsdk-net-Analytics.Synapse.Artifacts/1.0.0-alpha.20210115.1",
          "(.NET 5.0.0; Darwin 19.6.0 Darwin Kernel Version 19.6.0: Tue Nov 10 00:10:30 PST 2020; root:xnu-6153.141.10~1/RELEASE_X86_64)"
        ],
        "x-ms-client-request-id": "d5ead09708e1cc3b3501c6cd76c96983",
        "x-ms-return-client-request-id": "true"
      },
      "RequestBody": null,
      "StatusCode": 200,
      "ResponseHeaders": {
        "Cache-Control": "no-cache",
        "Content-Length": "318",
        "Content-Type": "application/json; charset=utf-8",
        "Date": "Fri, 15 Jan 2021 16:10:09 GMT",
        "Expires": "-1",
        "Pragma": "no-cache",
        "Server": [
          "Microsoft-IIS/10.0",
          "Microsoft-HTTPAPI/2.0"
        ],
        "Strict-Transport-Security": "max-age=15724800; includeSubDomains",
        "X-Content-Type-Options": "nosniff",
        "x-ms-client-request-id": "d5ead09708e1cc3b3501c6cd76c96983",
        "x-ms-correlation-request-id": "f5c9d4fb-87e4-4246-99cb-e1b691b586c8",
        "x-ms-request-id": "0fd7a033-4271-4df9-9707-82d451f74f28",
        "X-Powered-By": "ASP.NET"
      },
      "ResponseBody": {
        "id": "/subscriptions/faa080af-c1d8-40ad-9cce-e1a450ca5b57/resourceGroups/rg-chhamosynapse/providers/Microsoft.Synapse/workspaces/workspacechhamosynapse/dataflows/DataFlow146",
        "name": "DataFlow146",
        "type": "Microsoft.Synapse/workspaces/dataflows",
        "properties": {
          "type": null
        },
        "etag": "c3075a05-0000-0800-0000-6001be610000"
      }
    },
    {
      "RequestUri": "https://workspacechhamosynapse.dev.azuresynapse.net/dataflows/DataFlow146?api-version=2019-06-01-preview",
      "RequestMethod": "GET",
      "RequestHeaders": {
        "Accept": "application/json",
        "Authorization": "Sanitized",
        "traceparent": "00-6bd3fefd416c5148ad9154ef0afed6ff-d394db6f7d88cc45-00",
        "User-Agent": [
          "azsdk-net-Analytics.Synapse.Artifacts/1.0.0-alpha.20210115.1",
          "(.NET 5.0.0; Darwin 19.6.0 Darwin Kernel Version 19.6.0: Tue Nov 10 00:10:30 PST 2020; root:xnu-6153.141.10~1/RELEASE_X86_64)"
        ],
        "x-ms-client-request-id": "6c27dd5890cd1b6351a77234a8aa7021",
        "x-ms-return-client-request-id": "true"
      },
      "RequestBody": null,
      "StatusCode": 200,
      "ResponseHeaders": {
        "Cache-Control": "no-cache",
        "Content-Length": "318",
        "Content-Type": "application/json; charset=utf-8",
        "Date": "Fri, 15 Jan 2021 16:10:09 GMT",
        "Expires": "-1",
        "Pragma": "no-cache",
        "Server": [
          "Microsoft-IIS/10.0",
          "Microsoft-HTTPAPI/2.0"
        ],
        "Strict-Transport-Security": "max-age=15724800; includeSubDomains",
        "X-Content-Type-Options": "nosniff",
        "x-ms-client-request-id": "6c27dd5890cd1b6351a77234a8aa7021",
        "x-ms-correlation-request-id": "6fd834c1-bd95-4b86-80c4-2fa7caa3dae5",
        "x-ms-request-id": "f8e9f941-be6b-43cb-983c-21f64f5e2520",
        "X-Powered-By": "ASP.NET"
      },
      "ResponseBody": {
        "id": "/subscriptions/faa080af-c1d8-40ad-9cce-e1a450ca5b57/resourceGroups/rg-chhamosynapse/providers/Microsoft.Synapse/workspaces/workspacechhamosynapse/dataflows/DataFlow146",
        "name": "DataFlow146",
        "type": "Microsoft.Synapse/workspaces/dataflows",
        "properties": {
          "type": null
        },
        "etag": "c3075a05-0000-0800-0000-6001be610000"
      }
    },
    {
      "RequestUri": "https://workspacechhamosynapse.dev.azuresynapse.net/dataflows/DataFlow146?api-version=2019-06-01-preview",
      "RequestMethod": "DELETE",
      "RequestHeaders": {
        "Accept": "application/json",
        "Authorization": "Sanitized",
        "traceparent": "00-a5ded0bbaf8ac946abfe006ebf819e50-a279041d324a9444-00",
        "User-Agent": [
          "azsdk-net-Analytics.Synapse.Artifacts/1.0.0-alpha.20210115.1",
          "(.NET 5.0.0; Darwin 19.6.0 Darwin Kernel Version 19.6.0: Tue Nov 10 00:10:30 PST 2020; root:xnu-6153.141.10~1/RELEASE_X86_64)"
        ],
        "x-ms-client-request-id": "03c63650f65a442f84478c9a2d9520e0",
        "x-ms-return-client-request-id": "true"
      },
      "RequestBody": null,
      "StatusCode": 202,
      "ResponseHeaders": {
        "Access-Control-Allow-Headers": "Location",
        "Access-Control-Expose-Headers": "Location",
        "Content-Length": "364",
        "Content-Type": "application/json; charset=utf-8",
        "Date": "Fri, 15 Jan 2021 16:10:09 GMT",
        "Location": "https://workspacechhamosynapse.dev.azuresynapse.net/operationResults/c58c5a6a-8fab-4872-96b5-8565df511e56?api-version=2019-06-01-preview",
        "Server": "Microsoft-HTTPAPI/2.0",
        "Strict-Transport-Security": "max-age=31536000; includeSubDomains",
        "x-ms-client-request-id": "03c63650f65a442f84478c9a2d9520e0",
        "x-ms-request-id": "4aa5d4bc-49ad-4eaf-a80b-7ea88276f82c"
      },
      "ResponseBody": {
        "id": "/subscriptions/faa080af-c1d8-40ad-9cce-e1a450ca5b57/resourceGroups/rg-chhamosynapse/providers/Microsoft.Synapse/workspaces/workspacechhamosynapse/dataflows/DataFlow146",
        "recordId": 0,
        "state": "Deleting",
        "created": "0001-01-01T00:00:00",
        "changed": "0001-01-01T00:00:00",
        "type": "DataFlow",
        "name": "DataFlow146",
        "operationId": "c58c5a6a-8fab-4872-96b5-8565df511e56"
      }
    },
    {
      "RequestUri": "https://workspacechhamosynapse.dev.azuresynapse.net/operationResults/c58c5a6a-8fab-4872-96b5-8565df511e56?api-version=2019-06-01-preview",
      "RequestMethod": "GET",
      "RequestHeaders": {
        "Authorization": "Sanitized",
        "User-Agent": [
          "azsdk-net-Analytics.Synapse.Artifacts/1.0.0-alpha.20210115.1",
          "(.NET 5.0.0; Darwin 19.6.0 Darwin Kernel Version 19.6.0: Tue Nov 10 00:10:30 PST 2020; root:xnu-6153.141.10~1/RELEASE_X86_64)"
        ],
        "x-ms-client-request-id": "3f7ca49065026229aee3e78603c8edbc",
        "x-ms-return-client-request-id": "true"
      },
      "RequestBody": null,
      "StatusCode": 202,
      "ResponseHeaders": {
        "Access-Control-Allow-Headers": [
          "Location",
          "Retry-After"
        ],
        "Access-Control-Expose-Headers": [
          "Location",
          "Retry-After"
        ],
        "Content-Length": "23",
        "Content-Type": "application/json; charset=utf-8",
        "Date": "Fri, 15 Jan 2021 16:10:09 GMT",
        "Location": "https://workspacechhamosynapse.dev.azuresynapse.net/operationResults/c58c5a6a-8fab-4872-96b5-8565df511e56?api-version=2019-06-01-preview",
        "Retry-After": "10",
        "Server": "Microsoft-HTTPAPI/2.0",
        "Strict-Transport-Security": "max-age=31536000; includeSubDomains",
        "x-ms-client-request-id": "3f7ca49065026229aee3e78603c8edbc",
        "x-ms-request-id": "236125db-5317-4e7a-8543-4d1322e8bdaa"
      },
      "ResponseBody": {
        "status": "InProgress"
      }
    },
    {
      "RequestUri": "https://workspacechhamosynapse.dev.azuresynapse.net/operationResults/c58c5a6a-8fab-4872-96b5-8565df511e56?api-version=2019-06-01-preview",
      "RequestMethod": "GET",
      "RequestHeaders": {
        "Authorization": "Sanitized",
        "User-Agent": [
          "azsdk-net-Analytics.Synapse.Artifacts/1.0.0-alpha.20210115.1",
          "(.NET 5.0.0; Darwin 19.6.0 Darwin Kernel Version 19.6.0: Tue Nov 10 00:10:30 PST 2020; root:xnu-6153.141.10~1/RELEASE_X86_64)"
        ],
        "x-ms-client-request-id": "22c19287d7709a378cc0968b71f5ae7d",
        "x-ms-return-client-request-id": "true"
      },
      "RequestBody": null,
      "StatusCode": 202,
      "ResponseHeaders": {
        "Access-Control-Allow-Headers": [
          "Location",
          "Retry-After"
        ],
        "Access-Control-Expose-Headers": [
          "Location",
          "Retry-After"
        ],
        "Content-Length": "23",
        "Content-Type": "application/json; charset=utf-8",
        "Date": "Fri, 15 Jan 2021 16:10:10 GMT",
        "Location": "https://workspacechhamosynapse.dev.azuresynapse.net/operationResults/c58c5a6a-8fab-4872-96b5-8565df511e56?api-version=2019-06-01-preview",
        "Retry-After": "10",
        "Server": "Microsoft-HTTPAPI/2.0",
        "Strict-Transport-Security": "max-age=31536000; includeSubDomains",
        "x-ms-client-request-id": "22c19287d7709a378cc0968b71f5ae7d",
        "x-ms-request-id": "7f6cd89b-9e2a-4035-af6f-a00ec7f37a5a"
      },
      "ResponseBody": {
        "status": "InProgress"
      }
    },
    {
      "RequestUri": "https://workspacechhamosynapse.dev.azuresynapse.net/operationResults/c58c5a6a-8fab-4872-96b5-8565df511e56?api-version=2019-06-01-preview",
      "RequestMethod": "GET",
      "RequestHeaders": {
        "Authorization": "Sanitized",
        "User-Agent": [
          "azsdk-net-Analytics.Synapse.Artifacts/1.0.0-alpha.20210115.1",
          "(.NET 5.0.0; Darwin 19.6.0 Darwin Kernel Version 19.6.0: Tue Nov 10 00:10:30 PST 2020; root:xnu-6153.141.10~1/RELEASE_X86_64)"
        ],
        "x-ms-client-request-id": "89090223e0190ddd5cd7ea06ce2202a4",
        "x-ms-return-client-request-id": "true"
      },
      "RequestBody": null,
      "StatusCode": 202,
      "ResponseHeaders": {
        "Access-Control-Allow-Headers": [
          "Location",
          "Retry-After"
        ],
        "Access-Control-Expose-Headers": [
          "Location",
          "Retry-After"
        ],
        "Content-Length": "23",
        "Content-Type": "application/json; charset=utf-8",
        "Date": "Fri, 15 Jan 2021 16:10:12 GMT",
        "Location": "https://workspacechhamosynapse.dev.azuresynapse.net/operationResults/c58c5a6a-8fab-4872-96b5-8565df511e56?api-version=2019-06-01-preview",
        "Retry-After": "10",
        "Server": "Microsoft-HTTPAPI/2.0",
        "Strict-Transport-Security": "max-age=31536000; includeSubDomains",
        "x-ms-client-request-id": "89090223e0190ddd5cd7ea06ce2202a4",
        "x-ms-request-id": "c1c96ec0-a631-4a1d-ab1e-ee7fc8dc6a7e"
      },
      "ResponseBody": {
        "status": "InProgress"
      }
    },
    {
      "RequestUri": "https://workspacechhamosynapse.dev.azuresynapse.net/operationResults/c58c5a6a-8fab-4872-96b5-8565df511e56?api-version=2019-06-01-preview",
      "RequestMethod": "GET",
      "RequestHeaders": {
        "Authorization": "Sanitized",
        "User-Agent": [
          "azsdk-net-Analytics.Synapse.Artifacts/1.0.0-alpha.20210115.1",
          "(.NET 5.0.0; Darwin 19.6.0 Darwin Kernel Version 19.6.0: Tue Nov 10 00:10:30 PST 2020; root:xnu-6153.141.10~1/RELEASE_X86_64)"
        ],
        "x-ms-client-request-id": "03b2c8e10045b91a6ce1b242ce9ef1b8",
        "x-ms-return-client-request-id": "true"
      },
      "RequestBody": null,
      "StatusCode": 202,
      "ResponseHeaders": {
        "Access-Control-Allow-Headers": [
          "Location",
          "Retry-After"
        ],
        "Access-Control-Expose-Headers": [
          "Location",
          "Retry-After"
        ],
        "Content-Length": "23",
        "Content-Type": "application/json; charset=utf-8",
        "Date": "Fri, 15 Jan 2021 16:10:13 GMT",
        "Location": "https://workspacechhamosynapse.dev.azuresynapse.net/operationResults/c58c5a6a-8fab-4872-96b5-8565df511e56?api-version=2019-06-01-preview",
        "Retry-After": "10",
        "Server": "Microsoft-HTTPAPI/2.0",
        "Strict-Transport-Security": "max-age=31536000; includeSubDomains",
        "x-ms-client-request-id": "03b2c8e10045b91a6ce1b242ce9ef1b8",
        "x-ms-request-id": "9ab3f6aa-ad58-4431-b7a5-981c211f84fc"
      },
      "ResponseBody": {
        "status": "InProgress"
      }
    },
    {
      "RequestUri": "https://workspacechhamosynapse.dev.azuresynapse.net/operationResults/c58c5a6a-8fab-4872-96b5-8565df511e56?api-version=2019-06-01-preview",
      "RequestMethod": "GET",
      "RequestHeaders": {
        "Authorization": "Sanitized",
        "User-Agent": [
          "azsdk-net-Analytics.Synapse.Artifacts/1.0.0-alpha.20210115.1",
          "(.NET 5.0.0; Darwin 19.6.0 Darwin Kernel Version 19.6.0: Tue Nov 10 00:10:30 PST 2020; root:xnu-6153.141.10~1/RELEASE_X86_64)"
        ],
        "x-ms-client-request-id": "01636a3464bea6a2b4b3c699ec30cc6a",
        "x-ms-return-client-request-id": "true"
      },
      "RequestBody": null,
      "StatusCode": 202,
      "ResponseHeaders": {
        "Access-Control-Allow-Headers": [
          "Location",
          "Retry-After"
        ],
        "Access-Control-Expose-Headers": [
          "Location",
          "Retry-After"
        ],
        "Content-Length": "23",
        "Content-Type": "application/json; charset=utf-8",
        "Date": "Fri, 15 Jan 2021 16:10:14 GMT",
        "Location": "https://workspacechhamosynapse.dev.azuresynapse.net/operationResults/c58c5a6a-8fab-4872-96b5-8565df511e56?api-version=2019-06-01-preview",
        "Retry-After": "10",
        "Server": "Microsoft-HTTPAPI/2.0",
        "Strict-Transport-Security": "max-age=31536000; includeSubDomains",
        "x-ms-client-request-id": "01636a3464bea6a2b4b3c699ec30cc6a",
        "x-ms-request-id": "1e009362-e805-4bd1-af2a-069ddbdfbdc3"
      },
      "ResponseBody": {
        "status": "InProgress"
      }
    },
    {
      "RequestUri": "https://workspacechhamosynapse.dev.azuresynapse.net/operationResults/c58c5a6a-8fab-4872-96b5-8565df511e56?api-version=2019-06-01-preview",
      "RequestMethod": "GET",
      "RequestHeaders": {
        "Authorization": "Sanitized",
        "User-Agent": [
          "azsdk-net-Analytics.Synapse.Artifacts/1.0.0-alpha.20210115.1",
          "(.NET 5.0.0; Darwin 19.6.0 Darwin Kernel Version 19.6.0: Tue Nov 10 00:10:30 PST 2020; root:xnu-6153.141.10~1/RELEASE_X86_64)"
        ],
        "x-ms-client-request-id": "a9aaf2bdaa432237e8501d372e9a3fbe",
        "x-ms-return-client-request-id": "true"
      },
      "RequestBody": null,
      "StatusCode": 200,
      "ResponseHeaders": {
        "Content-Length": "0",
        "Date": "Fri, 15 Jan 2021 16:10:15 GMT",
        "Server": "Microsoft-HTTPAPI/2.0",
        "Strict-Transport-Security": "max-age=31536000; includeSubDomains",
        "x-ms-client-request-id": "a9aaf2bdaa432237e8501d372e9a3fbe",
        "x-ms-request-id": "3d0d4ca1-20e9-42ce-ba6c-8f06f72868b2"
      },
      "ResponseBody": []
    }
  ],
  "Variables": {
    "AZURE_SYNAPSE_WORKSPACE_URL": "https://workspacechhamosynapse.dev.azuresynapse.net",
    "RandomSeed": "99998099"
  }
}