{
  "Entries": [
    {
      "RequestUri": "https://workspacechhamosynapse.dev.azuresynapse.net/linkedservices/LinkedSercive583860423?api-version=2019-06-01-preview",
      "RequestMethod": "PUT",
      "RequestHeaders": {
        "Accept": "application/json",
        "Authorization": "Sanitized",
        "Content-Length": "119",
        "Content-Type": "application/json",
        "traceparent": "00-2de604fbd1a6e34794f0513217b87ad5-3c8141a2b29bca48-00",
        "User-Agent": [
          "azsdk-net-Analytics.Synapse.Artifacts/1.0.0-alpha.20210115.1",
          "(.NET 5.0.0; Darwin 19.6.0 Darwin Kernel Version 19.6.0: Tue Nov 10 00:10:30 PST 2020; root:xnu-6153.141.10~1/RELEASE_X86_64)"
        ],
        "x-ms-client-request-id": "1d4bd3fb387824f44f54f208f3c6d5e8",
        "x-ms-return-client-request-id": "true"
      },
      "RequestBody": {
        "properties": {
          "type": "AzureDataLakeStore",
          "typeProperties": {
            "dataLakeStoreUri": "adl://test.azuredatalakestore.net/"
          }
        }
      },
      "StatusCode": 202,
      "ResponseHeaders": {
        "Access-Control-Allow-Headers": [
          "Location",
          "Retry-After"
        ],
        "Access-Control-Expose-Headers": [
          "Location",
          "Retry-After"
        ],
        "Content-Length": "461",
        "Content-Type": "application/json; charset=utf-8",
        "Date": "Fri, 15 Jan 2021 16:44:13 GMT",
        "Location": "https://workspacechhamosynapse.dev.azuresynapse.net/operationResults/e8d41cc3-4f4a-43cf-985b-121f955bc27b?api-version=2019-06-01-preview",
        "Retry-After": "10",
        "Server": "Microsoft-HTTPAPI/2.0",
        "Strict-Transport-Security": "max-age=31536000; includeSubDomains",
        "x-ms-client-request-id": "1d4bd3fb387824f44f54f208f3c6d5e8",
        "x-ms-request-id": "4dc16108-94a9-4530-b5f7-6db25d7210b9"
      },
      "ResponseBody": {
        "id": "/subscriptions/faa080af-c1d8-40ad-9cce-e1a450ca5b57/resourceGroups/rg-chhamosynapse/providers/Microsoft.Synapse/workspaces/workspacechhamosynapse/linkedServices/LinkedSercive583860423",
        "recordId": 960348,
        "state": "Creating",
        "created": "2021-01-15T16:44:13.95Z",
        "changed": "2021-01-15T16:44:13.95Z",
        "type": "LinkedService",
        "name": "LinkedSercive583860423",
        "operationId": "e8d41cc3-4f4a-43cf-985b-121f955bc27b",
        "artifactId": "04A95A63-E132-46A2-A9AA-E2CC76D13DC6"
      }
    },
    {
      "RequestUri": "https://workspacechhamosynapse.dev.azuresynapse.net/operationResults/e8d41cc3-4f4a-43cf-985b-121f955bc27b?api-version=2019-06-01-preview",
      "RequestMethod": "GET",
      "RequestHeaders": {
        "Authorization": "Sanitized",
        "User-Agent": [
          "azsdk-net-Analytics.Synapse.Artifacts/1.0.0-alpha.20210115.1",
          "(.NET 5.0.0; Darwin 19.6.0 Darwin Kernel Version 19.6.0: Tue Nov 10 00:10:30 PST 2020; root:xnu-6153.141.10~1/RELEASE_X86_64)"
        ],
        "x-ms-client-request-id": "468250a1d6135248037829066e6939e9",
        "x-ms-return-client-request-id": "true"
      },
      "RequestBody": null,
      "StatusCode": 202,
      "ResponseHeaders": {
        "Access-Control-Allow-Headers": [
          "Location",
          "Retry-After"
        ],
        "Access-Control-Expose-Headers": [
          "Location",
          "Retry-After"
        ],
        "Content-Length": "23",
        "Content-Type": "application/json; charset=utf-8",
        "Date": "Fri, 15 Jan 2021 16:44:13 GMT",
        "Location": "https://workspacechhamosynapse.dev.azuresynapse.net/operationResults/e8d41cc3-4f4a-43cf-985b-121f955bc27b?api-version=2019-06-01-preview",
        "Retry-After": "10",
        "Server": "Microsoft-HTTPAPI/2.0",
        "Strict-Transport-Security": "max-age=31536000; includeSubDomains",
        "x-ms-client-request-id": "468250a1d6135248037829066e6939e9",
        "x-ms-request-id": "188e4aa6-7bda-40ec-822f-2367f0b5babd"
      },
      "ResponseBody": {
        "status": "InProgress"
      }
    },
    {
      "RequestUri": "https://workspacechhamosynapse.dev.azuresynapse.net/operationResults/e8d41cc3-4f4a-43cf-985b-121f955bc27b?api-version=2019-06-01-preview",
      "RequestMethod": "GET",
      "RequestHeaders": {
        "Authorization": "Sanitized",
        "User-Agent": [
          "azsdk-net-Analytics.Synapse.Artifacts/1.0.0-alpha.20210115.1",
          "(.NET 5.0.0; Darwin 19.6.0 Darwin Kernel Version 19.6.0: Tue Nov 10 00:10:30 PST 2020; root:xnu-6153.141.10~1/RELEASE_X86_64)"
        ],
        "x-ms-client-request-id": "8aa5ba33d904c241ab82f489f8c349fa",
        "x-ms-return-client-request-id": "true"
      },
      "RequestBody": null,
      "StatusCode": 202,
      "ResponseHeaders": {
        "Access-Control-Allow-Headers": [
          "Location",
          "Retry-After"
        ],
        "Access-Control-Expose-Headers": [
          "Location",
          "Retry-After"
        ],
        "Content-Length": "23",
        "Content-Type": "application/json; charset=utf-8",
        "Date": "Fri, 15 Jan 2021 16:44:15 GMT",
        "Location": "https://workspacechhamosynapse.dev.azuresynapse.net/operationResults/e8d41cc3-4f4a-43cf-985b-121f955bc27b?api-version=2019-06-01-preview",
        "Retry-After": "10",
        "Server": "Microsoft-HTTPAPI/2.0",
        "Strict-Transport-Security": "max-age=31536000; includeSubDomains",
        "x-ms-client-request-id": "8aa5ba33d904c241ab82f489f8c349fa",
        "x-ms-request-id": "d44de884-54d5-4f3f-9142-cdb07c6e036e"
      },
      "ResponseBody": {
        "status": "InProgress"
      }
    },
    {
      "RequestUri": "https://workspacechhamosynapse.dev.azuresynapse.net/operationResults/e8d41cc3-4f4a-43cf-985b-121f955bc27b?api-version=2019-06-01-preview",
      "RequestMethod": "GET",
      "RequestHeaders": {
        "Authorization": "Sanitized",
        "User-Agent": [
          "azsdk-net-Analytics.Synapse.Artifacts/1.0.0-alpha.20210115.1",
          "(.NET 5.0.0; Darwin 19.6.0 Darwin Kernel Version 19.6.0: Tue Nov 10 00:10:30 PST 2020; root:xnu-6153.141.10~1/RELEASE_X86_64)"
        ],
        "x-ms-client-request-id": "a366047d8e4305d53f5d3c0d10225abf",
        "x-ms-return-client-request-id": "true"
      },
      "RequestBody": null,
      "StatusCode": 202,
      "ResponseHeaders": {
        "Access-Control-Allow-Headers": [
          "Location",
          "Retry-After"
        ],
        "Access-Control-Expose-Headers": [
          "Location",
          "Retry-After"
        ],
        "Content-Length": "23",
        "Content-Type": "application/json; charset=utf-8",
        "Date": "Fri, 15 Jan 2021 16:44:16 GMT",
        "Location": "https://workspacechhamosynapse.dev.azuresynapse.net/operationResults/e8d41cc3-4f4a-43cf-985b-121f955bc27b?api-version=2019-06-01-preview",
        "Retry-After": "10",
        "Server": "Microsoft-HTTPAPI/2.0",
        "Strict-Transport-Security": "max-age=31536000; includeSubDomains",
        "x-ms-client-request-id": "a366047d8e4305d53f5d3c0d10225abf",
        "x-ms-request-id": "7b316a60-d649-4571-8a8f-e80538785b32"
      },
      "ResponseBody": {
        "status": "InProgress"
      }
    },
    {
      "RequestUri": "https://workspacechhamosynapse.dev.azuresynapse.net/operationResults/e8d41cc3-4f4a-43cf-985b-121f955bc27b?api-version=2019-06-01-preview",
      "RequestMethod": "GET",
      "RequestHeaders": {
        "Authorization": "Sanitized",
        "User-Agent": [
          "azsdk-net-Analytics.Synapse.Artifacts/1.0.0-alpha.20210115.1",
          "(.NET 5.0.0; Darwin 19.6.0 Darwin Kernel Version 19.6.0: Tue Nov 10 00:10:30 PST 2020; root:xnu-6153.141.10~1/RELEASE_X86_64)"
        ],
        "x-ms-client-request-id": "20fd57b54caec8ea0fbf9a90e2bf5a40",
        "x-ms-return-client-request-id": "true"
      },
      "RequestBody": null,
      "StatusCode": 200,
      "ResponseHeaders": {
        "Cache-Control": "no-cache",
        "Content-Length": "441",
        "Content-Type": "application/json; charset=utf-8",
        "Date": "Fri, 15 Jan 2021 16:44:17 GMT",
        "Expires": "-1",
        "Pragma": "no-cache",
        "Server": [
          "Microsoft-IIS/10.0",
          "Microsoft-HTTPAPI/2.0"
        ],
        "Strict-Transport-Security": "max-age=15724800; includeSubDomains",
        "X-Content-Type-Options": "nosniff",
        "x-ms-client-request-id": "20fd57b54caec8ea0fbf9a90e2bf5a40",
        "x-ms-correlation-request-id": "55d026b6-a79b-4435-8907-73df9efd8918",
        "x-ms-request-id": "586a67cb-2283-4937-a693-f0f14f8b00b9",
        "X-Powered-By": "ASP.NET"
      },
      "ResponseBody": {
        "id": "/subscriptions/faa080af-c1d8-40ad-9cce-e1a450ca5b57/resourceGroups/rg-chhamosynapse/providers/Microsoft.Synapse/workspaces/workspacechhamosynapse/linkedservices/LinkedSercive583860423",
        "name": "LinkedSercive583860423",
        "type": "Microsoft.Synapse/workspaces/linkedservices",
        "properties": {
          "type": "AzureDataLakeStore",
          "typeProperties": {
            "dataLakeStoreUri": "adl://test.azuredatalakestore.net/"
          }
        },
        "etag": "c9079001-0000-0800-0000-6001c6600000"
      }
    }
  ],
  "Variables": {
    "AZURE_SYNAPSE_WORKSPACE_URL": "https://workspacechhamosynapse.dev.azuresynapse.net",
    "RandomSeed": "1510568916"
  }
}